// Jest Snapshot v1, https://goo.gl/fbAQLP

exports[`<App > Component Renders 1`] = `
<ForwardRef(NavigationContainer)>
  <BottomTabNavigator>
    <Screen
      component={[Function]}
      name="Home"
    />
    <Screen
      component={[Function]}
      name="Image Gallery"
    />
    <Screen
      component={[Function]}
      name="Details"
    />
  </BottomTabNavigator>
</ForwardRef(NavigationContainer)>
`;
