// Jest Snapshot v1, https://goo.gl/fbAQLP

exports[`<GalleryNav > Component Renders 1`] = `
<StackNavigator
  initialRouteName={[Function]}
>
  <Screen
    component={[Function]}
    name="Gallery"
  />
  <Screen
    component={[Function]}
    name="Mountains"
  />
  <Screen
    component={[Function]}
    name="Forrest"
  />
  <Screen
    component={[Function]}
    name="Beach"
  />
  <Screen
    component={[Function]}
    name="City"
  />
</StackNavigator>
`;
