// Jest Snapshot v1, https://goo.gl/fbAQLP

exports[`<SubGallery > Component Renders 1`] = `
<View
  style={
    Object {
      "flex": 1,
      "justifyContent": "center",
      "paddingTop": 30,
    }
  }
>
  <Text>
    Beach
  </Text>
  <FlatList
    data={null}
    disableVirtualization={false}
    horizontal={false}
    initialNumToRender={10}
    keyExtractor={[Function]}
    maxToRenderPerBatch={10}
    numColumns={2}
    onEndReachedThreshold={2}
    removeClippedSubviews={false}
    renderItem={[Function]}
    scrollEventThrottle={50}
    updateCellsBatchingPeriod={50}
    windowSize={21}
  />
</View>
`;

exports[`<SubGallery > Component mounts  1`] = `
<SubGalllery
  route={
    Object {
      "name": "Beach",
    }
  }
>
  <View
    style={
      Object {
        "flex": 1,
        "justifyContent": "center",
        "paddingTop": 30,
      }
    }
  >
    <View
      style={
        Object {
          "flex": 1,
          "justifyContent": "center",
          "paddingTop": 30,
        }
      }
    >
      <Text>
        <Text>
          Beach
        </Text>
      </Text>
      <FlatList
        data={
          Array [
            Object {
              "id": 1,
              "src": "https://image.shutterstock.com/image-photo/palm-tropical-beach-260nw-569532439.jpg",
              "type": "Beach",
            },
            Object {
              "id": 2,
              "src": "https://encrypted-tbn0.gstatic.com/images?q=tbn%3AANd9GcTaVJXEAQp1RYyyjzEaD95N8qTZ6SPz17qpxA&usqp=CAU",
              "type": "Beach",
            },
            Object {
              "id": 3,
              "src": "https://encrypted-tbn0.gstatic.com/images?q=tbn%3AANd9GcSi5KtnuFkg-F3obgJbfeLslhDAhBs1C9VBmQ&usqp=CAU",
              "type": "Beach",
            },
            Object {
              "id": 4,
              "src": "https://encrypted-tbn0.gstatic.com/images?q=tbn%3AANd9GcR1-rMdC8Bbqc0XgQfV7b1WEEJdtoHvu4pcPQ&usqp=CAU",
              "type": "Beach",
            },
            Object {
              "id": 5,
              "src": "https://encrypted-tbn0.gstatic.com/images?q=tbn%3AANd9GcSBNLYPFqxGFRgj0sZvc3WalXs6nlOcyTE4Pg&usqp=CAU",
              "type": "Beach",
            },
            Object {
              "id": 6,
              "src": "https://encrypted-tbn0.gstatic.com/images?q=tbn%3AANd9GcSIxxLIppk-79vG3KH6C_AyqyUw6P5DQOjwAw&usqp=CAU",
              "type": "Beach",
            },
            Object {
              "id": 7,
              "src": "https://encrypted-tbn0.gstatic.com/images?q=tbn%3AANd9GcRiclxTKq3yEA5J7HGUdRE_pw9pBUkMuy2Jlw&usqp=CAU",
              "type": "Beach",
            },
            Object {
              "id": 8,
              "src": "https://s3.amazonaws.com/factmag-images/wp-content/uploads/2017/04/C-k0aRyVwAASQG0.jpg",
              "type": "Beach",
            },
            Object {
              "id": 9,
              "src": "https://i.ytimg.com/vi/gUnK_xeUPgg/maxresdefault.jpg",
              "type": "Beach",
            },
            Object {
              "id": 10,
              "src": "https://images.unsplash.com/photo-1507525428034-b723cf961d3e?ixlib=rb-1.2.1&w=1000&q=80",
              "type": "Beach",
            },
          ]
        }
        disableVirtualization={false}
        horizontal={false}
        initialNumToRender={10}
        keyExtractor={[Function]}
        maxToRenderPerBatch={10}
        numColumns={2}
        onEndReachedThreshold={2}
        removeClippedSubviews={false}
        renderItem={[Function]}
        scrollEventThrottle={50}
        updateCellsBatchingPeriod={50}
        windowSize={21}
      >
        <VirtualizedList
          data={
            Array [
              Object {
                "id": 1,
                "src": "https://image.shutterstock.com/image-photo/palm-tropical-beach-260nw-569532439.jpg",
                "type": "Beach",
              },
              Object {
                "id": 2,
                "src": "https://encrypted-tbn0.gstatic.com/images?q=tbn%3AANd9GcTaVJXEAQp1RYyyjzEaD95N8qTZ6SPz17qpxA&usqp=CAU",
                "type": "Beach",
              },
              Object {
                "id": 3,
                "src": "https://encrypted-tbn0.gstatic.com/images?q=tbn%3AANd9GcSi5KtnuFkg-F3obgJbfeLslhDAhBs1C9VBmQ&usqp=CAU",
                "type": "Beach",
              },
              Object {
                "id": 4,
                "src": "https://encrypted-tbn0.gstatic.com/images?q=tbn%3AANd9GcR1-rMdC8Bbqc0XgQfV7b1WEEJdtoHvu4pcPQ&usqp=CAU",
                "type": "Beach",
              },
              Object {
                "id": 5,
                "src": "https://encrypted-tbn0.gstatic.com/images?q=tbn%3AANd9GcSBNLYPFqxGFRgj0sZvc3WalXs6nlOcyTE4Pg&usqp=CAU",
                "type": "Beach",
              },
              Object {
                "id": 6,
                "src": "https://encrypted-tbn0.gstatic.com/images?q=tbn%3AANd9GcSIxxLIppk-79vG3KH6C_AyqyUw6P5DQOjwAw&usqp=CAU",
                "type": "Beach",
              },
              Object {
                "id": 7,
                "src": "https://encrypted-tbn0.gstatic.com/images?q=tbn%3AANd9GcRiclxTKq3yEA5J7HGUdRE_pw9pBUkMuy2Jlw&usqp=CAU",
                "type": "Beach",
              },
              Object {
                "id": 8,
                "src": "https://s3.amazonaws.com/factmag-images/wp-content/uploads/2017/04/C-k0aRyVwAASQG0.jpg",
                "type": "Beach",
              },
              Object {
                "id": 9,
                "src": "https://i.ytimg.com/vi/gUnK_xeUPgg/maxresdefault.jpg",
                "type": "Beach",
              },
              Object {
                "id": 10,
                "src": "https://images.unsplash.com/photo-1507525428034-b723cf961d3e?ixlib=rb-1.2.1&w=1000&q=80",
                "type": "Beach",
              },
            ]
          }
          disableVirtualization={false}
          getItem={[Function]}
          getItemCount={[Function]}
          horizontal={false}
          initialNumToRender={10}
          keyExtractor={[Function]}
          maxToRenderPerBatch={10}
          onEndReachedThreshold={2}
          removeClippedSubviews={false}
          renderItem={[Function]}
          scrollEventThrottle={50}
          updateCellsBatchingPeriod={50}
          viewabilityConfigCallbackPairs={Array []}
          windowSize={21}
        >
          <ScrollView
            data={
              Array [
                Object {
                  "id": 1,
                  "src": "https://image.shutterstock.com/image-photo/palm-tropical-beach-260nw-569532439.jpg",
                  "type": "Beach",
                },
                Object {
                  "id": 2,
                  "src": "https://encrypted-tbn0.gstatic.com/images?q=tbn%3AANd9GcTaVJXEAQp1RYyyjzEaD95N8qTZ6SPz17qpxA&usqp=CAU",
                  "type": "Beach",
                },
                Object {
                  "id": 3,
                  "src": "https://encrypted-tbn0.gstatic.com/images?q=tbn%3AANd9GcSi5KtnuFkg-F3obgJbfeLslhDAhBs1C9VBmQ&usqp=CAU",
                  "type": "Beach",
                },
                Object {
                  "id": 4,
                  "src": "https://encrypted-tbn0.gstatic.com/images?q=tbn%3AANd9GcR1-rMdC8Bbqc0XgQfV7b1WEEJdtoHvu4pcPQ&usqp=CAU",
                  "type": "Beach",
                },
                Object {
                  "id": 5,
                  "src": "https://encrypted-tbn0.gstatic.com/images?q=tbn%3AANd9GcSBNLYPFqxGFRgj0sZvc3WalXs6nlOcyTE4Pg&usqp=CAU",
                  "type": "Beach",
                },
                Object {
                  "id": 6,
                  "src": "https://encrypted-tbn0.gstatic.com/images?q=tbn%3AANd9GcSIxxLIppk-79vG3KH6C_AyqyUw6P5DQOjwAw&usqp=CAU",
                  "type": "Beach",
                },
                Object {
                  "id": 7,
                  "src": "https://encrypted-tbn0.gstatic.com/images?q=tbn%3AANd9GcRiclxTKq3yEA5J7HGUdRE_pw9pBUkMuy2Jlw&usqp=CAU",
                  "type": "Beach",
                },
                Object {
                  "id": 8,
                  "src": "https://s3.amazonaws.com/factmag-images/wp-content/uploads/2017/04/C-k0aRyVwAASQG0.jpg",
                  "type": "Beach",
                },
                Object {
                  "id": 9,
                  "src": "https://i.ytimg.com/vi/gUnK_xeUPgg/maxresdefault.jpg",
                  "type": "Beach",
                },
                Object {
                  "id": 10,
                  "src": "https://images.unsplash.com/photo-1507525428034-b723cf961d3e?ixlib=rb-1.2.1&w=1000&q=80",
                  "type": "Beach",
                },
              ]
            }
            disableVirtualization={false}
            getItem={[Function]}
            getItemCount={[Function]}
            horizontal={false}
            initialNumToRender={10}
            keyExtractor={[Function]}
            maxToRenderPerBatch={10}
            onContentSizeChange={[Function]}
            onEndReachedThreshold={2}
            onLayout={[Function]}
            onMomentumScrollEnd={[Function]}
            onScroll={[Function]}
            onScrollBeginDrag={[Function]}
            onScrollEndDrag={[Function]}
            removeClippedSubviews={false}
            renderItem={[Function]}
            scrollEventThrottle={50}
            stickyHeaderIndices={Array []}
            updateCellsBatchingPeriod={50}
            viewabilityConfigCallbackPairs={Array []}
            windowSize={21}
          >
            <RCTScrollView
              data={
                Array [
                  Object {
                    "id": 1,
                    "src": "https://image.shutterstock.com/image-photo/palm-tropical-beach-260nw-569532439.jpg",
                    "type": "Beach",
                  },
                  Object {
                    "id": 2,
                    "src": "https://encrypted-tbn0.gstatic.com/images?q=tbn%3AANd9GcTaVJXEAQp1RYyyjzEaD95N8qTZ6SPz17qpxA&usqp=CAU",
                    "type": "Beach",
                  },
                  Object {
                    "id": 3,
                    "src": "https://encrypted-tbn0.gstatic.com/images?q=tbn%3AANd9GcSi5KtnuFkg-F3obgJbfeLslhDAhBs1C9VBmQ&usqp=CAU",
                    "type": "Beach",
                  },
                  Object {
                    "id": 4,
                    "src": "https://encrypted-tbn0.gstatic.com/images?q=tbn%3AANd9GcR1-rMdC8Bbqc0XgQfV7b1WEEJdtoHvu4pcPQ&usqp=CAU",
                    "type": "Beach",
                  },
                  Object {
                    "id": 5,
                    "src": "https://encrypted-tbn0.gstatic.com/images?q=tbn%3AANd9GcSBNLYPFqxGFRgj0sZvc3WalXs6nlOcyTE4Pg&usqp=CAU",
                    "type": "Beach",
                  },
                  Object {
                    "id": 6,
                    "src": "https://encrypted-tbn0.gstatic.com/images?q=tbn%3AANd9GcSIxxLIppk-79vG3KH6C_AyqyUw6P5DQOjwAw&usqp=CAU",
                    "type": "Beach",
                  },
                  Object {
                    "id": 7,
                    "src": "https://encrypted-tbn0.gstatic.com/images?q=tbn%3AANd9GcRiclxTKq3yEA5J7HGUdRE_pw9pBUkMuy2Jlw&usqp=CAU",
                    "type": "Beach",
                  },
                  Object {
                    "id": 8,
                    "src": "https://s3.amazonaws.com/factmag-images/wp-content/uploads/2017/04/C-k0aRyVwAASQG0.jpg",
                    "type": "Beach",
                  },
                  Object {
                    "id": 9,
                    "src": "https://i.ytimg.com/vi/gUnK_xeUPgg/maxresdefault.jpg",
                    "type": "Beach",
                  },
                  Object {
                    "id": 10,
                    "src": "https://images.unsplash.com/photo-1507525428034-b723cf961d3e?ixlib=rb-1.2.1&w=1000&q=80",
                    "type": "Beach",
                  },
                ]
              }
              disableVirtualization={false}
              getItem={[Function]}
              getItemCount={[Function]}
              horizontal={false}
              initialNumToRender={10}
              keyExtractor={[Function]}
              maxToRenderPerBatch={10}
              onContentSizeChange={[Function]}
              onEndReachedThreshold={2}
              onLayout={[Function]}
              onMomentumScrollEnd={[Function]}
              onScroll={[Function]}
              onScrollBeginDrag={[Function]}
              onScrollEndDrag={[Function]}
              removeClippedSubviews={false}
              renderItem={[Function]}
              scrollEventThrottle={50}
              stickyHeaderIndices={Array []}
              updateCellsBatchingPeriod={50}
              viewabilityConfigCallbackPairs={Array []}
              windowSize={21}
            >
              <RCTScrollView
                data={
                  Array [
                    Object {
                      "id": 1,
                      "src": "https://image.shutterstock.com/image-photo/palm-tropical-beach-260nw-569532439.jpg",
                      "type": "Beach",
                    },
                    Object {
                      "id": 2,
                      "src": "https://encrypted-tbn0.gstatic.com/images?q=tbn%3AANd9GcTaVJXEAQp1RYyyjzEaD95N8qTZ6SPz17qpxA&usqp=CAU",
                      "type": "Beach",
                    },
                    Object {
                      "id": 3,
                      "src": "https://encrypted-tbn0.gstatic.com/images?q=tbn%3AANd9GcSi5KtnuFkg-F3obgJbfeLslhDAhBs1C9VBmQ&usqp=CAU",
                      "type": "Beach",
                    },
                    Object {
                      "id": 4,
                      "src": "https://encrypted-tbn0.gstatic.com/images?q=tbn%3AANd9GcR1-rMdC8Bbqc0XgQfV7b1WEEJdtoHvu4pcPQ&usqp=CAU",
                      "type": "Beach",
                    },
                    Object {
                      "id": 5,
                      "src": "https://encrypted-tbn0.gstatic.com/images?q=tbn%3AANd9GcSBNLYPFqxGFRgj0sZvc3WalXs6nlOcyTE4Pg&usqp=CAU",
                      "type": "Beach",
                    },
                    Object {
                      "id": 6,
                      "src": "https://encrypted-tbn0.gstatic.com/images?q=tbn%3AANd9GcSIxxLIppk-79vG3KH6C_AyqyUw6P5DQOjwAw&usqp=CAU",
                      "type": "Beach",
                    },
                    Object {
                      "id": 7,
                      "src": "https://encrypted-tbn0.gstatic.com/images?q=tbn%3AANd9GcRiclxTKq3yEA5J7HGUdRE_pw9pBUkMuy2Jlw&usqp=CAU",
                      "type": "Beach",
                    },
                    Object {
                      "id": 8,
                      "src": "https://s3.amazonaws.com/factmag-images/wp-content/uploads/2017/04/C-k0aRyVwAASQG0.jpg",
                      "type": "Beach",
                    },
                    Object {
                      "id": 9,
                      "src": "https://i.ytimg.com/vi/gUnK_xeUPgg/maxresdefault.jpg",
                      "type": "Beach",
                    },
                    Object {
                      "id": 10,
                      "src": "https://images.unsplash.com/photo-1507525428034-b723cf961d3e?ixlib=rb-1.2.1&w=1000&q=80",
                      "type": "Beach",
                    },
                  ]
                }
                disableVirtualization={false}
                getItem={[Function]}
                getItemCount={[Function]}
                horizontal={false}
                initialNumToRender={10}
                keyExtractor={[Function]}
                maxToRenderPerBatch={10}
                onContentSizeChange={[Function]}
                onEndReachedThreshold={2}
                onLayout={[Function]}
                onMomentumScrollEnd={[Function]}
                onScroll={[Function]}
                onScrollBeginDrag={[Function]}
                onScrollEndDrag={[Function]}
                removeClippedSubviews={false}
                renderItem={[Function]}
                scrollEventThrottle={50}
                stickyHeaderIndices={Array []}
                updateCellsBatchingPeriod={50}
                viewabilityConfigCallbackPairs={Array []}
                windowSize={21}
              >
                <View>
                  <View>
                    <CellRenderer
                      cellKey="0:1"
                      fillRateHelper={
                        FillRateHelper {
                          "_anyBlankStartTime": null,
                          "_enabled": false,
                          "_getFrameMetrics": [Function],
                          "_info": Info {
                            "any_blank_count": 0,
                            "any_blank_ms": 0,
                            "any_blank_speed_sum": 0,
                            "mostly_blank_count": 0,
                            "mostly_blank_ms": 0,
                            "pixels_blank": 0,
                            "pixels_sampled": 0,
                            "pixels_scrolled": 0,
                            "sample_count": 0,
                            "total_time_spent": 0,
                          },
                          "_mostlyBlankStartTime": null,
                          "_samplesStartTime": null,
                        }
                      }
                      horizontal={false}
                      index={0}
                      inversionStyle={null}
                      item={
                        Array [
                          Object {
                            "id": 1,
                            "src": "https://image.shutterstock.com/image-photo/palm-tropical-beach-260nw-569532439.jpg",
                            "type": "Beach",
                          },
                          Object {
                            "id": 2,
                            "src": "https://encrypted-tbn0.gstatic.com/images?q=tbn%3AANd9GcTaVJXEAQp1RYyyjzEaD95N8qTZ6SPz17qpxA&usqp=CAU",
                            "type": "Beach",
                          },
                        ]
                      }
                      key="0:1"
                      onLayout={[Function]}
                      onUnmount={[Function]}
                      onUpdateSeparators={[Function]}
                      parentProps={
                        Object {
                          "data": Array [
                            Object {
                              "id": 1,
                              "src": "https://image.shutterstock.com/image-photo/palm-tropical-beach-260nw-569532439.jpg",
                              "type": "Beach",
                            },
                            Object {
                              "id": 2,
                              "src": "https://encrypted-tbn0.gstatic.com/images?q=tbn%3AANd9GcTaVJXEAQp1RYyyjzEaD95N8qTZ6SPz17qpxA&usqp=CAU",
                              "type": "Beach",
                            },
                            Object {
                              "id": 3,
                              "src": "https://encrypted-tbn0.gstatic.com/images?q=tbn%3AANd9GcSi5KtnuFkg-F3obgJbfeLslhDAhBs1C9VBmQ&usqp=CAU",
                              "type": "Beach",
                            },
                            Object {
                              "id": 4,
                              "src": "https://encrypted-tbn0.gstatic.com/images?q=tbn%3AANd9GcR1-rMdC8Bbqc0XgQfV7b1WEEJdtoHvu4pcPQ&usqp=CAU",
                              "type": "Beach",
                            },
                            Object {
                              "id": 5,
                              "src": "https://encrypted-tbn0.gstatic.com/images?q=tbn%3AANd9GcSBNLYPFqxGFRgj0sZvc3WalXs6nlOcyTE4Pg&usqp=CAU",
                              "type": "Beach",
                            },
                            Object {
                              "id": 6,
                              "src": "https://encrypted-tbn0.gstatic.com/images?q=tbn%3AANd9GcSIxxLIppk-79vG3KH6C_AyqyUw6P5DQOjwAw&usqp=CAU",
                              "type": "Beach",
                            },
                            Object {
                              "id": 7,
                              "src": "https://encrypted-tbn0.gstatic.com/images?q=tbn%3AANd9GcRiclxTKq3yEA5J7HGUdRE_pw9pBUkMuy2Jlw&usqp=CAU",
                              "type": "Beach",
                            },
                            Object {
                              "id": 8,
                              "src": "https://s3.amazonaws.com/factmag-images/wp-content/uploads/2017/04/C-k0aRyVwAASQG0.jpg",
                              "type": "Beach",
                            },
                            Object {
                              "id": 9,
                              "src": "https://i.ytimg.com/vi/gUnK_xeUPgg/maxresdefault.jpg",
                              "type": "Beach",
                            },
                            Object {
                              "id": 10,
                              "src": "https://images.unsplash.com/photo-1507525428034-b723cf961d3e?ixlib=rb-1.2.1&w=1000&q=80",
                              "type": "Beach",
                            },
                          ],
                          "disableVirtualization": false,
                          "getItem": [Function],
                          "getItemCount": [Function],
                          "horizontal": false,
                          "initialNumToRender": 10,
                          "keyExtractor": [Function],
                          "maxToRenderPerBatch": 10,
                          "onEndReachedThreshold": 2,
                          "removeClippedSubviews": false,
                          "renderItem": [Function],
                          "scrollEventThrottle": 50,
                          "updateCellsBatchingPeriod": 50,
                          "viewabilityConfigCallbackPairs": Array [],
                          "windowSize": 21,
                        }
                      }
                    >
                      <View
                        onLayout={[Function]}
                        style={null}
                      >
                        <View
                          onLayout={[Function]}
                          style={null}
                        >
                          <View
                            style={
                              Object {
                                "flexDirection": "row",
                              }
                            }
                          >
                            <View
                              style={
                                Object {
                                  "flexDirection": "row",
                                }
                              }
                            >
                              <View
                                style={
                                  Object {
                                    "flex": 1,
                                    "flexDirection": "column",
                                    "margin": 1,
                                  }
                                }
                              >
                                <View
                                  style={
                                    Object {
                                      "flex": 1,
                                      "flexDirection": "column",
                                      "margin": 1,
                                    }
                                  }
                                >
                                  <Image
                                    source={
                                      Object {
                                        "uri": "https://image.shutterstock.com/image-photo/palm-tropical-beach-260nw-569532439.jpg",
                                      }
                                    }
                                    style={
                                      Object {
                                        "alignItems": "center",
                                        "height": 100,
                                        "justifyContent": "center",
                                      }
                                    }
                                  >
                                    <Image
                                      source={
                                        Object {
                                          "uri": "https://image.shutterstock.com/image-photo/palm-tropical-beach-260nw-569532439.jpg",
                                        }
                                      }
                                      style={
                                        Object {
                                          "alignItems": "center",
                                          "height": 100,
                                          "justifyContent": "center",
                                        }
                                      }
                                    />
                                  </Image>
                                </View>
                              </View>
                              <View
                                style={
                                  Object {
                                    "flex": 1,
                                    "flexDirection": "column",
                                    "margin": 1,
                                  }
                                }
                              >
                                <View
                                  style={
                                    Object {
                                      "flex": 1,
                                      "flexDirection": "column",
                                      "margin": 1,
                                    }
                                  }
                                >
                                  <Image
                                    source={
                                      Object {
                                        "uri": "https://encrypted-tbn0.gstatic.com/images?q=tbn%3AANd9GcTaVJXEAQp1RYyyjzEaD95N8qTZ6SPz17qpxA&usqp=CAU",
                                      }
                                    }
                                    style={
                                      Object {
                                        "alignItems": "center",
                                        "height": 100,
                                        "justifyContent": "center",
                                      }
                                    }
                                  >
                                    <Image
                                      source={
                                        Object {
                                          "uri": "https://encrypted-tbn0.gstatic.com/images?q=tbn%3AANd9GcTaVJXEAQp1RYyyjzEaD95N8qTZ6SPz17qpxA&usqp=CAU",
                                        }
                                      }
                                      style={
                                        Object {
                                          "alignItems": "center",
                                          "height": 100,
                                          "justifyContent": "center",
                                        }
                                      }
                                    />
                                  </Image>
                                </View>
                              </View>
                            </View>
                          </View>
                        </View>
                      </View>
                    </CellRenderer>
                    <CellRenderer
                      cellKey="2:3"
                      fillRateHelper={
                        FillRateHelper {
                          "_anyBlankStartTime": null,
                          "_enabled": false,
                          "_getFrameMetrics": [Function],
                          "_info": Info {
                            "any_blank_count": 0,
                            "any_blank_ms": 0,
                            "any_blank_speed_sum": 0,
                            "mostly_blank_count": 0,
                            "mostly_blank_ms": 0,
                            "pixels_blank": 0,
                            "pixels_sampled": 0,
                            "pixels_scrolled": 0,
                            "sample_count": 0,
                            "total_time_spent": 0,
                          },
                          "_mostlyBlankStartTime": null,
                          "_samplesStartTime": null,
                        }
                      }
                      horizontal={false}
                      index={1}
                      inversionStyle={null}
                      item={
                        Array [
                          Object {
                            "id": 3,
                            "src": "https://encrypted-tbn0.gstatic.com/images?q=tbn%3AANd9GcSi5KtnuFkg-F3obgJbfeLslhDAhBs1C9VBmQ&usqp=CAU",
                            "type": "Beach",
                          },
                          Object {
                            "id": 4,
                            "src": "https://encrypted-tbn0.gstatic.com/images?q=tbn%3AANd9GcR1-rMdC8Bbqc0XgQfV7b1WEEJdtoHvu4pcPQ&usqp=CAU",
                            "type": "Beach",
                          },
                        ]
                      }
                      key="2:3"
                      onLayout={[Function]}
                      onUnmount={[Function]}
                      onUpdateSeparators={[Function]}
                      parentProps={
                        Object {
                          "data": Array [
                            Object {
                              "id": 1,
                              "src": "https://image.shutterstock.com/image-photo/palm-tropical-beach-260nw-569532439.jpg",
                              "type": "Beach",
                            },
                            Object {
                              "id": 2,
                              "src": "https://encrypted-tbn0.gstatic.com/images?q=tbn%3AANd9GcTaVJXEAQp1RYyyjzEaD95N8qTZ6SPz17qpxA&usqp=CAU",
                              "type": "Beach",
                            },
                            Object {
                              "id": 3,
                              "src": "https://encrypted-tbn0.gstatic.com/images?q=tbn%3AANd9GcSi5KtnuFkg-F3obgJbfeLslhDAhBs1C9VBmQ&usqp=CAU",
                              "type": "Beach",
                            },
                            Object {
                              "id": 4,
                              "src": "https://encrypted-tbn0.gstatic.com/images?q=tbn%3AANd9GcR1-rMdC8Bbqc0XgQfV7b1WEEJdtoHvu4pcPQ&usqp=CAU",
                              "type": "Beach",
                            },
                            Object {
                              "id": 5,
                              "src": "https://encrypted-tbn0.gstatic.com/images?q=tbn%3AANd9GcSBNLYPFqxGFRgj0sZvc3WalXs6nlOcyTE4Pg&usqp=CAU",
                              "type": "Beach",
                            },
                            Object {
                              "id": 6,
                              "src": "https://encrypted-tbn0.gstatic.com/images?q=tbn%3AANd9GcSIxxLIppk-79vG3KH6C_AyqyUw6P5DQOjwAw&usqp=CAU",
                              "type": "Beach",
                            },
                            Object {
                              "id": 7,
                              "src": "https://encrypted-tbn0.gstatic.com/images?q=tbn%3AANd9GcRiclxTKq3yEA5J7HGUdRE_pw9pBUkMuy2Jlw&usqp=CAU",
                              "type": "Beach",
                            },
                            Object {
                              "id": 8,
                              "src": "https://s3.amazonaws.com/factmag-images/wp-content/uploads/2017/04/C-k0aRyVwAASQG0.jpg",
                              "type": "Beach",
                            },
                            Object {
                              "id": 9,
                              "src": "https://i.ytimg.com/vi/gUnK_xeUPgg/maxresdefault.jpg",
                              "type": "Beach",
                            },
                            Object {
                              "id": 10,
                              "src": "https://images.unsplash.com/photo-1507525428034-b723cf961d3e?ixlib=rb-1.2.1&w=1000&q=80",
                              "type": "Beach",
                            },
                          ],
                          "disableVirtualization": false,
                          "getItem": [Function],
                          "getItemCount": [Function],
                          "horizontal": false,
                          "initialNumToRender": 10,
                          "keyExtractor": [Function],
                          "maxToRenderPerBatch": 10,
                          "onEndReachedThreshold": 2,
                          "removeClippedSubviews": false,
                          "renderItem": [Function],
                          "scrollEventThrottle": 50,
                          "updateCellsBatchingPeriod": 50,
                          "viewabilityConfigCallbackPairs": Array [],
                          "windowSize": 21,
                        }
                      }
                      prevCellKey="0:1"
                    >
                      <View
                        onLayout={[Function]}
                        style={null}
                      >
                        <View
                          onLayout={[Function]}
                          style={null}
                        >
                          <View
                            style={
                              Object {
                                "flexDirection": "row",
                              }
                            }
                          >
                            <View
                              style={
                                Object {
                                  "flexDirection": "row",
                                }
                              }
                            >
                              <View
                                style={
                                  Object {
                                    "flex": 1,
                                    "flexDirection": "column",
                                    "margin": 1,
                                  }
                                }
                              >
                                <View
                                  style={
                                    Object {
                                      "flex": 1,
                                      "flexDirection": "column",
                                      "margin": 1,
                                    }
                                  }
                                >
                                  <Image
                                    source={
                                      Object {
                                        "uri": "https://encrypted-tbn0.gstatic.com/images?q=tbn%3AANd9GcSi5KtnuFkg-F3obgJbfeLslhDAhBs1C9VBmQ&usqp=CAU",
                                      }
                                    }
                                    style={
                                      Object {
                                        "alignItems": "center",
                                        "height": 100,
                                        "justifyContent": "center",
                                      }
                                    }
                                  >
                                    <Image
                                      source={
                                        Object {
                                          "uri": "https://encrypted-tbn0.gstatic.com/images?q=tbn%3AANd9GcSi5KtnuFkg-F3obgJbfeLslhDAhBs1C9VBmQ&usqp=CAU",
                                        }
                                      }
                                      style={
                                        Object {
                                          "alignItems": "center",
                                          "height": 100,
                                          "justifyContent": "center",
                                        }
                                      }
                                    />
                                  </Image>
                                </View>
                              </View>
                              <View
                                style={
                                  Object {
                                    "flex": 1,
                                    "flexDirection": "column",
                                    "margin": 1,
                                  }
                                }
                              >
                                <View
                                  style={
                                    Object {
                                      "flex": 1,
                                      "flexDirection": "column",
                                      "margin": 1,
                                    }
                                  }
                                >
                                  <Image
                                    source={
                                      Object {
                                        "uri": "https://encrypted-tbn0.gstatic.com/images?q=tbn%3AANd9GcR1-rMdC8Bbqc0XgQfV7b1WEEJdtoHvu4pcPQ&usqp=CAU",
                                      }
                                    }
                                    style={
                                      Object {
                                        "alignItems": "center",
                                        "height": 100,
                                        "justifyContent": "center",
                                      }
                                    }
                                  >
                                    <Image
                                      source={
                                        Object {
                                          "uri": "https://encrypted-tbn0.gstatic.com/images?q=tbn%3AANd9GcR1-rMdC8Bbqc0XgQfV7b1WEEJdtoHvu4pcPQ&usqp=CAU",
                                        }
                                      }
                                      style={
                                        Object {
                                          "alignItems": "center",
                                          "height": 100,
                                          "justifyContent": "center",
                                        }
                                      }
                                    />
                                  </Image>
                                </View>
                              </View>
                            </View>
                          </View>
                        </View>
                      </View>
                    </CellRenderer>
                    <CellRenderer
                      cellKey="4:5"
                      fillRateHelper={
                        FillRateHelper {
                          "_anyBlankStartTime": null,
                          "_enabled": false,
                          "_getFrameMetrics": [Function],
                          "_info": Info {
                            "any_blank_count": 0,
                            "any_blank_ms": 0,
                            "any_blank_speed_sum": 0,
                            "mostly_blank_count": 0,
                            "mostly_blank_ms": 0,
                            "pixels_blank": 0,
                            "pixels_sampled": 0,
                            "pixels_scrolled": 0,
                            "sample_count": 0,
                            "total_time_spent": 0,
                          },
                          "_mostlyBlankStartTime": null,
                          "_samplesStartTime": null,
                        }
                      }
                      horizontal={false}
                      index={2}
                      inversionStyle={null}
                      item={
                        Array [
                          Object {
                            "id": 5,
                            "src": "https://encrypted-tbn0.gstatic.com/images?q=tbn%3AANd9GcSBNLYPFqxGFRgj0sZvc3WalXs6nlOcyTE4Pg&usqp=CAU",
                            "type": "Beach",
                          },
                          Object {
                            "id": 6,
                            "src": "https://encrypted-tbn0.gstatic.com/images?q=tbn%3AANd9GcSIxxLIppk-79vG3KH6C_AyqyUw6P5DQOjwAw&usqp=CAU",
                            "type": "Beach",
                          },
                        ]
                      }
                      key="4:5"
                      onLayout={[Function]}
                      onUnmount={[Function]}
                      onUpdateSeparators={[Function]}
                      parentProps={
                        Object {
                          "data": Array [
                            Object {
                              "id": 1,
                              "src": "https://image.shutterstock.com/image-photo/palm-tropical-beach-260nw-569532439.jpg",
                              "type": "Beach",
                            },
                            Object {
                              "id": 2,
                              "src": "https://encrypted-tbn0.gstatic.com/images?q=tbn%3AANd9GcTaVJXEAQp1RYyyjzEaD95N8qTZ6SPz17qpxA&usqp=CAU",
                              "type": "Beach",
                            },
                            Object {
                              "id": 3,
                              "src": "https://encrypted-tbn0.gstatic.com/images?q=tbn%3AANd9GcSi5KtnuFkg-F3obgJbfeLslhDAhBs1C9VBmQ&usqp=CAU",
                              "type": "Beach",
                            },
                            Object {
                              "id": 4,
                              "src": "https://encrypted-tbn0.gstatic.com/images?q=tbn%3AANd9GcR1-rMdC8Bbqc0XgQfV7b1WEEJdtoHvu4pcPQ&usqp=CAU",
                              "type": "Beach",
                            },
                            Object {
                              "id": 5,
                              "src": "https://encrypted-tbn0.gstatic.com/images?q=tbn%3AANd9GcSBNLYPFqxGFRgj0sZvc3WalXs6nlOcyTE4Pg&usqp=CAU",
                              "type": "Beach",
                            },
                            Object {
                              "id": 6,
                              "src": "https://encrypted-tbn0.gstatic.com/images?q=tbn%3AANd9GcSIxxLIppk-79vG3KH6C_AyqyUw6P5DQOjwAw&usqp=CAU",
                              "type": "Beach",
                            },
                            Object {
                              "id": 7,
                              "src": "https://encrypted-tbn0.gstatic.com/images?q=tbn%3AANd9GcRiclxTKq3yEA5J7HGUdRE_pw9pBUkMuy2Jlw&usqp=CAU",
                              "type": "Beach",
                            },
                            Object {
                              "id": 8,
                              "src": "https://s3.amazonaws.com/factmag-images/wp-content/uploads/2017/04/C-k0aRyVwAASQG0.jpg",
                              "type": "Beach",
                            },
                            Object {
                              "id": 9,
                              "src": "https://i.ytimg.com/vi/gUnK_xeUPgg/maxresdefault.jpg",
                              "type": "Beach",
                            },
                            Object {
                              "id": 10,
                              "src": "https://images.unsplash.com/photo-1507525428034-b723cf961d3e?ixlib=rb-1.2.1&w=1000&q=80",
                              "type": "Beach",
                            },
                          ],
                          "disableVirtualization": false,
                          "getItem": [Function],
                          "getItemCount": [Function],
                          "horizontal": false,
                          "initialNumToRender": 10,
                          "keyExtractor": [Function],
                          "maxToRenderPerBatch": 10,
                          "onEndReachedThreshold": 2,
                          "removeClippedSubviews": false,
                          "renderItem": [Function],
                          "scrollEventThrottle": 50,
                          "updateCellsBatchingPeriod": 50,
                          "viewabilityConfigCallbackPairs": Array [],
                          "windowSize": 21,
                        }
                      }
                      prevCellKey="2:3"
                    >
                      <View
                        onLayout={[Function]}
                        style={null}
                      >
                        <View
                          onLayout={[Function]}
                          style={null}
                        >
                          <View
                            style={
                              Object {
                                "flexDirection": "row",
                              }
                            }
                          >
                            <View
                              style={
                                Object {
                                  "flexDirection": "row",
                                }
                              }
                            >
                              <View
                                style={
                                  Object {
                                    "flex": 1,
                                    "flexDirection": "column",
                                    "margin": 1,
                                  }
                                }
                              >
                                <View
                                  style={
                                    Object {
                                      "flex": 1,
                                      "flexDirection": "column",
                                      "margin": 1,
                                    }
                                  }
                                >
                                  <Image
                                    source={
                                      Object {
                                        "uri": "https://encrypted-tbn0.gstatic.com/images?q=tbn%3AANd9GcSBNLYPFqxGFRgj0sZvc3WalXs6nlOcyTE4Pg&usqp=CAU",
                                      }
                                    }
                                    style={
                                      Object {
                                        "alignItems": "center",
                                        "height": 100,
                                        "justifyContent": "center",
                                      }
                                    }
                                  >
                                    <Image
                                      source={
                                        Object {
                                          "uri": "https://encrypted-tbn0.gstatic.com/images?q=tbn%3AANd9GcSBNLYPFqxGFRgj0sZvc3WalXs6nlOcyTE4Pg&usqp=CAU",
                                        }
                                      }
                                      style={
                                        Object {
                                          "alignItems": "center",
                                          "height": 100,
                                          "justifyContent": "center",
                                        }
                                      }
                                    />
                                  </Image>
                                </View>
                              </View>
                              <View
                                style={
                                  Object {
                                    "flex": 1,
                                    "flexDirection": "column",
                                    "margin": 1,
                                  }
                                }
                              >
                                <View
                                  style={
                                    Object {
                                      "flex": 1,
                                      "flexDirection": "column",
                                      "margin": 1,
                                    }
                                  }
                                >
                                  <Image
                                    source={
                                      Object {
                                        "uri": "https://encrypted-tbn0.gstatic.com/images?q=tbn%3AANd9GcSIxxLIppk-79vG3KH6C_AyqyUw6P5DQOjwAw&usqp=CAU",
                                      }
                                    }
                                    style={
                                      Object {
                                        "alignItems": "center",
                                        "height": 100,
                                        "justifyContent": "center",
                                      }
                                    }
                                  >
                                    <Image
                                      source={
                                        Object {
                                          "uri": "https://encrypted-tbn0.gstatic.com/images?q=tbn%3AANd9GcSIxxLIppk-79vG3KH6C_AyqyUw6P5DQOjwAw&usqp=CAU",
                                        }
                                      }
                                      style={
                                        Object {
                                          "alignItems": "center",
                                          "height": 100,
                                          "justifyContent": "center",
                                        }
                                      }
                                    />
                                  </Image>
                                </View>
                              </View>
                            </View>
                          </View>
                        </View>
                      </View>
                    </CellRenderer>
                    <CellRenderer
                      cellKey="6:7"
                      fillRateHelper={
                        FillRateHelper {
                          "_anyBlankStartTime": null,
                          "_enabled": false,
                          "_getFrameMetrics": [Function],
                          "_info": Info {
                            "any_blank_count": 0,
                            "any_blank_ms": 0,
                            "any_blank_speed_sum": 0,
                            "mostly_blank_count": 0,
                            "mostly_blank_ms": 0,
                            "pixels_blank": 0,
                            "pixels_sampled": 0,
                            "pixels_scrolled": 0,
                            "sample_count": 0,
                            "total_time_spent": 0,
                          },
                          "_mostlyBlankStartTime": null,
                          "_samplesStartTime": null,
                        }
                      }
                      horizontal={false}
                      index={3}
                      inversionStyle={null}
                      item={
                        Array [
                          Object {
                            "id": 7,
                            "src": "https://encrypted-tbn0.gstatic.com/images?q=tbn%3AANd9GcRiclxTKq3yEA5J7HGUdRE_pw9pBUkMuy2Jlw&usqp=CAU",
                            "type": "Beach",
                          },
                          Object {
                            "id": 8,
                            "src": "https://s3.amazonaws.com/factmag-images/wp-content/uploads/2017/04/C-k0aRyVwAASQG0.jpg",
                            "type": "Beach",
                          },
                        ]
                      }
                      key="6:7"
                      onLayout={[Function]}
                      onUnmount={[Function]}
                      onUpdateSeparators={[Function]}
                      parentProps={
                        Object {
                          "data": Array [
                            Object {
                              "id": 1,
                              "src": "https://image.shutterstock.com/image-photo/palm-tropical-beach-260nw-569532439.jpg",
                              "type": "Beach",
                            },
                            Object {
                              "id": 2,
                              "src": "https://encrypted-tbn0.gstatic.com/images?q=tbn%3AANd9GcTaVJXEAQp1RYyyjzEaD95N8qTZ6SPz17qpxA&usqp=CAU",
                              "type": "Beach",
                            },
                            Object {
                              "id": 3,
                              "src": "https://encrypted-tbn0.gstatic.com/images?q=tbn%3AANd9GcSi5KtnuFkg-F3obgJbfeLslhDAhBs1C9VBmQ&usqp=CAU",
                              "type": "Beach",
                            },
                            Object {
                              "id": 4,
                              "src": "https://encrypted-tbn0.gstatic.com/images?q=tbn%3AANd9GcR1-rMdC8Bbqc0XgQfV7b1WEEJdtoHvu4pcPQ&usqp=CAU",
                              "type": "Beach",
                            },
                            Object {
                              "id": 5,
                              "src": "https://encrypted-tbn0.gstatic.com/images?q=tbn%3AANd9GcSBNLYPFqxGFRgj0sZvc3WalXs6nlOcyTE4Pg&usqp=CAU",
                              "type": "Beach",
                            },
                            Object {
                              "id": 6,
                              "src": "https://encrypted-tbn0.gstatic.com/images?q=tbn%3AANd9GcSIxxLIppk-79vG3KH6C_AyqyUw6P5DQOjwAw&usqp=CAU",
                              "type": "Beach",
                            },
                            Object {
                              "id": 7,
                              "src": "https://encrypted-tbn0.gstatic.com/images?q=tbn%3AANd9GcRiclxTKq3yEA5J7HGUdRE_pw9pBUkMuy2Jlw&usqp=CAU",
                              "type": "Beach",
                            },
                            Object {
                              "id": 8,
                              "src": "https://s3.amazonaws.com/factmag-images/wp-content/uploads/2017/04/C-k0aRyVwAASQG0.jpg",
                              "type": "Beach",
                            },
                            Object {
                              "id": 9,
                              "src": "https://i.ytimg.com/vi/gUnK_xeUPgg/maxresdefault.jpg",
                              "type": "Beach",
                            },
                            Object {
                              "id": 10,
                              "src": "https://images.unsplash.com/photo-1507525428034-b723cf961d3e?ixlib=rb-1.2.1&w=1000&q=80",
                              "type": "Beach",
                            },
                          ],
                          "disableVirtualization": false,
                          "getItem": [Function],
                          "getItemCount": [Function],
                          "horizontal": false,
                          "initialNumToRender": 10,
                          "keyExtractor": [Function],
                          "maxToRenderPerBatch": 10,
                          "onEndReachedThreshold": 2,
                          "removeClippedSubviews": false,
                          "renderItem": [Function],
                          "scrollEventThrottle": 50,
                          "updateCellsBatchingPeriod": 50,
                          "viewabilityConfigCallbackPairs": Array [],
                          "windowSize": 21,
                        }
                      }
                      prevCellKey="4:5"
                    >
                      <View
                        onLayout={[Function]}
                        style={null}
                      >
                        <View
                          onLayout={[Function]}
                          style={null}
                        >
                          <View
                            style={
                              Object {
                                "flexDirection": "row",
                              }
                            }
                          >
                            <View
                              style={
                                Object {
                                  "flexDirection": "row",
                                }
                              }
                            >
                              <View
                                style={
                                  Object {
                                    "flex": 1,
                                    "flexDirection": "column",
                                    "margin": 1,
                                  }
                                }
                              >
                                <View
                                  style={
                                    Object {
                                      "flex": 1,
                                      "flexDirection": "column",
                                      "margin": 1,
                                    }
                                  }
                                >
                                  <Image
                                    source={
                                      Object {
                                        "uri": "https://encrypted-tbn0.gstatic.com/images?q=tbn%3AANd9GcRiclxTKq3yEA5J7HGUdRE_pw9pBUkMuy2Jlw&usqp=CAU",
                                      }
                                    }
                                    style={
                                      Object {
                                        "alignItems": "center",
                                        "height": 100,
                                        "justifyContent": "center",
                                      }
                                    }
                                  >
                                    <Image
                                      source={
                                        Object {
                                          "uri": "https://encrypted-tbn0.gstatic.com/images?q=tbn%3AANd9GcRiclxTKq3yEA5J7HGUdRE_pw9pBUkMuy2Jlw&usqp=CAU",
                                        }
                                      }
                                      style={
                                        Object {
                                          "alignItems": "center",
                                          "height": 100,
                                          "justifyContent": "center",
                                        }
                                      }
                                    />
                                  </Image>
                                </View>
                              </View>
                              <View
                                style={
                                  Object {
                                    "flex": 1,
                                    "flexDirection": "column",
                                    "margin": 1,
                                  }
                                }
                              >
                                <View
                                  style={
                                    Object {
                                      "flex": 1,
                                      "flexDirection": "column",
                                      "margin": 1,
                                    }
                                  }
                                >
                                  <Image
                                    source={
                                      Object {
                                        "uri": "https://s3.amazonaws.com/factmag-images/wp-content/uploads/2017/04/C-k0aRyVwAASQG0.jpg",
                                      }
                                    }
                                    style={
                                      Object {
                                        "alignItems": "center",
                                        "height": 100,
                                        "justifyContent": "center",
                                      }
                                    }
                                  >
                                    <Image
                                      source={
                                        Object {
                                          "uri": "https://s3.amazonaws.com/factmag-images/wp-content/uploads/2017/04/C-k0aRyVwAASQG0.jpg",
                                        }
                                      }
                                      style={
                                        Object {
                                          "alignItems": "center",
                                          "height": 100,
                                          "justifyContent": "center",
                                        }
                                      }
                                    />
                                  </Image>
                                </View>
                              </View>
                            </View>
                          </View>
                        </View>
                      </View>
                    </CellRenderer>
                    <CellRenderer
                      cellKey="8:9"
                      fillRateHelper={
                        FillRateHelper {
                          "_anyBlankStartTime": null,
                          "_enabled": false,
                          "_getFrameMetrics": [Function],
                          "_info": Info {
                            "any_blank_count": 0,
                            "any_blank_ms": 0,
                            "any_blank_speed_sum": 0,
                            "mostly_blank_count": 0,
                            "mostly_blank_ms": 0,
                            "pixels_blank": 0,
                            "pixels_sampled": 0,
                            "pixels_scrolled": 0,
                            "sample_count": 0,
                            "total_time_spent": 0,
                          },
                          "_mostlyBlankStartTime": null,
                          "_samplesStartTime": null,
                        }
                      }
                      horizontal={false}
                      index={4}
                      inversionStyle={null}
                      item={
                        Array [
                          Object {
                            "id": 9,
                            "src": "https://i.ytimg.com/vi/gUnK_xeUPgg/maxresdefault.jpg",
                            "type": "Beach",
                          },
                          Object {
                            "id": 10,
                            "src": "https://images.unsplash.com/photo-1507525428034-b723cf961d3e?ixlib=rb-1.2.1&w=1000&q=80",
                            "type": "Beach",
                          },
                        ]
                      }
                      key="8:9"
                      onLayout={[Function]}
                      onUnmount={[Function]}
                      onUpdateSeparators={[Function]}
                      parentProps={
                        Object {
                          "data": Array [
                            Object {
                              "id": 1,
                              "src": "https://image.shutterstock.com/image-photo/palm-tropical-beach-260nw-569532439.jpg",
                              "type": "Beach",
                            },
                            Object {
                              "id": 2,
                              "src": "https://encrypted-tbn0.gstatic.com/images?q=tbn%3AANd9GcTaVJXEAQp1RYyyjzEaD95N8qTZ6SPz17qpxA&usqp=CAU",
                              "type": "Beach",
                            },
                            Object {
                              "id": 3,
                              "src": "https://encrypted-tbn0.gstatic.com/images?q=tbn%3AANd9GcSi5KtnuFkg-F3obgJbfeLslhDAhBs1C9VBmQ&usqp=CAU",
                              "type": "Beach",
                            },
                            Object {
                              "id": 4,
                              "src": "https://encrypted-tbn0.gstatic.com/images?q=tbn%3AANd9GcR1-rMdC8Bbqc0XgQfV7b1WEEJdtoHvu4pcPQ&usqp=CAU",
                              "type": "Beach",
                            },
                            Object {
                              "id": 5,
                              "src": "https://encrypted-tbn0.gstatic.com/images?q=tbn%3AANd9GcSBNLYPFqxGFRgj0sZvc3WalXs6nlOcyTE4Pg&usqp=CAU",
                              "type": "Beach",
                            },
                            Object {
                              "id": 6,
                              "src": "https://encrypted-tbn0.gstatic.com/images?q=tbn%3AANd9GcSIxxLIppk-79vG3KH6C_AyqyUw6P5DQOjwAw&usqp=CAU",
                              "type": "Beach",
                            },
                            Object {
                              "id": 7,
                              "src": "https://encrypted-tbn0.gstatic.com/images?q=tbn%3AANd9GcRiclxTKq3yEA5J7HGUdRE_pw9pBUkMuy2Jlw&usqp=CAU",
                              "type": "Beach",
                            },
                            Object {
                              "id": 8,
                              "src": "https://s3.amazonaws.com/factmag-images/wp-content/uploads/2017/04/C-k0aRyVwAASQG0.jpg",
                              "type": "Beach",
                            },
                            Object {
                              "id": 9,
                              "src": "https://i.ytimg.com/vi/gUnK_xeUPgg/maxresdefault.jpg",
                              "type": "Beach",
                            },
                            Object {
                              "id": 10,
                              "src": "https://images.unsplash.com/photo-1507525428034-b723cf961d3e?ixlib=rb-1.2.1&w=1000&q=80",
                              "type": "Beach",
                            },
                          ],
                          "disableVirtualization": false,
                          "getItem": [Function],
                          "getItemCount": [Function],
                          "horizontal": false,
                          "initialNumToRender": 10,
                          "keyExtractor": [Function],
                          "maxToRenderPerBatch": 10,
                          "onEndReachedThreshold": 2,
                          "removeClippedSubviews": false,
                          "renderItem": [Function],
                          "scrollEventThrottle": 50,
                          "updateCellsBatchingPeriod": 50,
                          "viewabilityConfigCallbackPairs": Array [],
                          "windowSize": 21,
                        }
                      }
                      prevCellKey="6:7"
                    >
                      <View
                        onLayout={[Function]}
                        style={null}
                      >
                        <View
                          onLayout={[Function]}
                          style={null}
                        >
                          <View
                            style={
                              Object {
                                "flexDirection": "row",
                              }
                            }
                          >
                            <View
                              style={
                                Object {
                                  "flexDirection": "row",
                                }
                              }
                            >
                              <View
                                style={
                                  Object {
                                    "flex": 1,
                                    "flexDirection": "column",
                                    "margin": 1,
                                  }
                                }
                              >
                                <View
                                  style={
                                    Object {
                                      "flex": 1,
                                      "flexDirection": "column",
                                      "margin": 1,
                                    }
                                  }
                                >
                                  <Image
                                    source={
                                      Object {
                                        "uri": "https://i.ytimg.com/vi/gUnK_xeUPgg/maxresdefault.jpg",
                                      }
                                    }
                                    style={
                                      Object {
                                        "alignItems": "center",
                                        "height": 100,
                                        "justifyContent": "center",
                                      }
                                    }
                                  >
                                    <Image
                                      source={
                                        Object {
                                          "uri": "https://i.ytimg.com/vi/gUnK_xeUPgg/maxresdefault.jpg",
                                        }
                                      }
                                      style={
                                        Object {
                                          "alignItems": "center",
                                          "height": 100,
                                          "justifyContent": "center",
                                        }
                                      }
                                    />
                                  </Image>
                                </View>
                              </View>
                              <View
                                style={
                                  Object {
                                    "flex": 1,
                                    "flexDirection": "column",
                                    "margin": 1,
                                  }
                                }
                              >
                                <View
                                  style={
                                    Object {
                                      "flex": 1,
                                      "flexDirection": "column",
                                      "margin": 1,
                                    }
                                  }
                                >
                                  <Image
                                    source={
                                      Object {
                                        "uri": "https://images.unsplash.com/photo-1507525428034-b723cf961d3e?ixlib=rb-1.2.1&w=1000&q=80",
                                      }
                                    }
                                    style={
                                      Object {
                                        "alignItems": "center",
                                        "height": 100,
                                        "justifyContent": "center",
                                      }
                                    }
                                  >
                                    <Image
                                      source={
                                        Object {
                                          "uri": "https://images.unsplash.com/photo-1507525428034-b723cf961d3e?ixlib=rb-1.2.1&w=1000&q=80",
                                        }
                                      }
                                      style={
                                        Object {
                                          "alignItems": "center",
                                          "height": 100,
                                          "justifyContent": "center",
                                        }
                                      }
                                    />
                                  </Image>
                                </View>
                              </View>
                            </View>
                          </View>
                        </View>
                      </View>
                    </CellRenderer>
                    <View
                      key="$tail_spacer"
                      style={
                        Object {
                          "height": 0,
                        }
                      }
                    >
                      <View
                        style={
                          Object {
                            "height": 0,
                          }
                        }
                      />
                    </View>
                  </View>
                </View>
              </RCTScrollView>
            </RCTScrollView>
          </ScrollView>
        </VirtualizedList>
      </FlatList>
    </View>
  </View>
</SubGalllery>
`;
